2026-02-22 19:29:58.928 Uncaught app execution
Traceback (most recent call last):
  File "C:\Users\WilsonYousif\AppData\Local\Python\pythoncore-3.14-64\Lib\site-packages\urllib3\connection.py", line 204, in _new_conn
    sock = connection.create_connection(
        (self._dns_host, self.port),
    ...<2 lines>...
        socket_options=self.socket_options,
    )
  File "C:\Users\WilsonYousif\AppData\Local\Python\pythoncore-3.14-64\Lib\site-packages\urllib3\util\connection.py", line 85, in create_connection
    raise err
  File "C:\Users\WilsonYousif\AppData\Local\Python\pythoncore-3.14-64\Lib\site-packages\urllib3\util\connection.py", line 73, in create_connection
    sock.connect(sa)
    ~~~~~~~~~~~~^^^^
ConnectionRefusedError: [WinError 10061] No connection could be made because the target machine actively refused it

The above exception was the direct cause of the following exception:

Traceback (most recent call last):
  File "C:\Users\WilsonYousif\AppData\Local\Python\pythoncore-3.14-64\Lib\site-packages\urllib3\connectionpool.py", line 787, in urlopen
    response = self._make_request(
        conn,
    ...<10 lines>...
        **response_kw,
    )
  File "C:\Users\WilsonYousif\AppData\Local\Python\pythoncore-3.14-64\Lib\site-packages\urllib3\connectionpool.py", line 493, in _make_request
    conn.request(
    ~~~~~~~~~~~~^
        method,
        ^^^^^^^
    ...<6 lines>...
        enforce_content_length=enforce_content_length,
        ^^^^^^^^^^^^^^^^^^^^^^^^^^^^^^^^^^^^^^^^^^^^^^
    )
    ^
  File "C:\Users\WilsonYousif\AppData\Local\Python\pythoncore-3.14-64\Lib\site-packages\urllib3\connection.py", line 500, in request
    self.endheaders()
    ~~~~~~~~~~~~~~~^^
  File "C:\Users\WilsonYousif\AppData\Local\Python\pythoncore-3.14-64\Lib\http\client.py", line 1353, in endheaders
    self._send_output(message_body, encode_chunked=encode_chunked)
    ~~~~~~~~~~~~~~~~~^^^^^^^^^^^^^^^^^^^^^^^^^^^^^^^^^^^^^^^^^^^^^
  File "C:\Users\WilsonYousif\AppData\Local\Python\pythoncore-3.14-64\Lib\http\client.py", line 1113, in _send_output
    self.send(msg)
    ~~~~~~~~~^^^^^
  File "C:\Users\WilsonYousif\AppData\Local\Python\pythoncore-3.14-64\Lib\http\client.py", line 1057, in send
    self.connect()
    ~~~~~~~~~~~~^^
  File "C:\Users\WilsonYousif\AppData\Local\Python\pythoncore-3.14-64\Lib\site-packages\urllib3\connection.py", line 331, in connect
    self.sock = self._new_conn()
                ~~~~~~~~~~~~~~^^
  File "C:\Users\WilsonYousif\AppData\Local\Python\pythoncore-3.14-64\Lib\site-packages\urllib3\connection.py", line 219, in _new_conn
    raise NewConnectionError(
        self, f"Failed to establish a new connection: {e}"
    ) from e
urllib3.exceptions.NewConnectionError: HTTPConnection(host='127.0.0.1', port=8000): Failed to establish a new connection: [WinError 10061] No connection could be made because the target machine actively refused it

The above exception was the direct cause of the following exception:

Traceback (most recent call last):
  File "C:\Users\WilsonYousif\AppData\Local\Python\pythoncore-3.14-64\Lib\site-packages\requests\adapters.py", line 644, in send
    resp = conn.urlopen(
        method=request.method,
    ...<9 lines>...
        chunked=chunked,
    )
  File "C:\Users\WilsonYousif\AppData\Local\Python\pythoncore-3.14-64\Lib\site-packages\urllib3\connectionpool.py", line 841, in urlopen
    retries = retries.increment(
        method, url, error=new_e, _pool=self, _stacktrace=sys.exc_info()[2]
    )
  File "C:\Users\WilsonYousif\AppData\Local\Python\pythoncore-3.14-64\Lib\site-packages\urllib3\util\retry.py", line 535, in increment
    raise MaxRetryError(_pool, url, reason) from reason  # type: ignore[arg-type]
    ^^^^^^^^^^^^^^^^^^^^^^^^^^^^^^^^^^^^^^^^^^^^^^^^^^^
urllib3.exceptions.MaxRetryError: HTTPConnectionPool(host='127.0.0.1', port=8000): Max retries exceeded with url: /login (Caused by NewConnectionError("HTTPConnection(host='127.0.0.1', port=8000): Failed to establish a new connection: [WinError 10061] No connection could be made because the target machine actively refused it"))

During handling of the above exception, another exception occurred:

Traceback (most recent call last):
  File "C:\Users\WilsonYousif\AppData\Local\Python\pythoncore-3.14-64\Lib\site-packages\streamlit\runtime\scriptrunner\exec_code.py", line 129, in exec_func_with_error_handling
    result = func()
  File "C:\Users\WilsonYousif\AppData\Local\Python\pythoncore-3.14-64\Lib\site-packages\streamlit\runtime\scriptrunner\script_runner.py", line 687, in code_to_exec
    _mpa_v1(self._main_script_path)
    ~~~~~~~^^^^^^^^^^^^^^^^^^^^^^^^
  File "C:\Users\WilsonYousif\AppData\Local\Python\pythoncore-3.14-64\Lib\site-packages\streamlit\runtime\scriptrunner\script_runner.py", line 166, in _mpa_v1
    page.run()
    ~~~~~~~~^^
  File "C:\Users\WilsonYousif\AppData\Local\Python\pythoncore-3.14-64\Lib\site-packages\streamlit\navigation\page.py", line 310, in run
    exec(code, module.__dict__)  # noqa: S102
    ~~~~^^^^^^^^^^^^^^^^^^^^^^^
  File "C:\DXReportApp\frontend\app.py", line 90, in <module>
    main()
    ~~~~^^
  File "C:\DXReportApp\frontend\app.py", line 77, in main
    show_login()
    ~~~~~~~~~~^^
  File "C:\DXReportApp\frontend\app.py", line 64, in show_login
    result = login(username, password)
  File "C:\DXReportApp\frontend\api_client.py", line 36, in login
    r = requests.post(
        f"{API_BASE}/login",
        data={"username": username, "password": password},
        timeout=10,
    )
  File "C:\Users\WilsonYousif\AppData\Local\Python\pythoncore-3.14-64\Lib\site-packages\requests\api.py", line 115, in post
    return request("post", url, data=data, json=json, **kwargs)
  File "C:\Users\WilsonYousif\AppData\Local\Python\pythoncore-3.14-64\Lib\site-packages\requests\api.py", line 59, in request
    return session.request(method=method, url=url, **kwargs)
           ~~~~~~~~~~~~~~~^^^^^^^^^^^^^^^^^^^^^^^^^^^^^^^^^^
  File "C:\Users\WilsonYousif\AppData\Local\Python\pythoncore-3.14-64\Lib\site-packages\requests\sessions.py", line 589, in request
    resp = self.send(prep, **send_kwargs)
  File "C:\Users\WilsonYousif\AppData\Local\Python\pythoncore-3.14-64\Lib\site-packages\requests\sessions.py", line 703, in send
    r = adapter.send(request, **kwargs)
  File "C:\Users\WilsonYousif\AppData\Local\Python\pythoncore-3.14-64\Lib\site-packages\requests\adapters.py", line 677, in send
    raise ConnectionError(e, request=request)
requests.exceptions.ConnectionError: HTTPConnectionPool(host='127.0.0.1', port=8000): Max retries exceeded with url: /login (Caused by NewConnectionError("HTTPConnection(host='127.0.0.1', port=8000): Failed to establish a new connection: [WinError 10061] No connection could be made because the target machine actively refused it"))
2026-02-22 19:30:02.118 Uncaught app execution
Traceback (most recent call last):
  File "C:\Users\WilsonYousif\AppData\Local\Python\pythoncore-3.14-64\Lib\site-packages\urllib3\connection.py", line 204, in _new_conn
    sock = connection.create_connection(
        (self._dns_host, self.port),
    ...<2 lines>...
        socket_options=self.socket_options,
    )
  File "C:\Users\WilsonYousif\AppData\Local\Python\pythoncore-3.14-64\Lib\site-packages\urllib3\util\connection.py", line 85, in create_connection
    raise err
  File "C:\Users\WilsonYousif\AppData\Local\Python\pythoncore-3.14-64\Lib\site-packages\urllib3\util\connection.py", line 73, in create_connection
    sock.connect(sa)
    ~~~~~~~~~~~~^^^^
ConnectionRefusedError: [WinError 10061] No connection could be made because the target machine actively refused it

The above exception was the direct cause of the following exception:

Traceback (most recent call last):
  File "C:\Users\WilsonYousif\AppData\Local\Python\pythoncore-3.14-64\Lib\site-packages\urllib3\connectionpool.py", line 787, in urlopen
    response = self._make_request(
        conn,
    ...<10 lines>...
        **response_kw,
    )
  File "C:\Users\WilsonYousif\AppData\Local\Python\pythoncore-3.14-64\Lib\site-packages\urllib3\connectionpool.py", line 493, in _make_request
    conn.request(
    ~~~~~~~~~~~~^
        method,
        ^^^^^^^
    ...<6 lines>...
        enforce_content_length=enforce_content_length,
        ^^^^^^^^^^^^^^^^^^^^^^^^^^^^^^^^^^^^^^^^^^^^^^
    )
    ^
  File "C:\Users\WilsonYousif\AppData\Local\Python\pythoncore-3.14-64\Lib\site-packages\urllib3\connection.py", line 500, in request
    self.endheaders()
    ~~~~~~~~~~~~~~~^^
  File "C:\Users\WilsonYousif\AppData\Local\Python\pythoncore-3.14-64\Lib\http\client.py", line 1353, in endheaders
    self._send_output(message_body, encode_chunked=encode_chunked)
    ~~~~~~~~~~~~~~~~~^^^^^^^^^^^^^^^^^^^^^^^^^^^^^^^^^^^^^^^^^^^^^
  File "C:\Users\WilsonYousif\AppData\Local\Python\pythoncore-3.14-64\Lib\http\client.py", line 1113, in _send_output
    self.send(msg)
    ~~~~~~~~~^^^^^
  File "C:\Users\WilsonYousif\AppData\Local\Python\pythoncore-3.14-64\Lib\http\client.py", line 1057, in send
    self.connect()
    ~~~~~~~~~~~~^^
  File "C:\Users\WilsonYousif\AppData\Local\Python\pythoncore-3.14-64\Lib\site-packages\urllib3\connection.py", line 331, in connect
    self.sock = self._new_conn()
                ~~~~~~~~~~~~~~^^
  File "C:\Users\WilsonYousif\AppData\Local\Python\pythoncore-3.14-64\Lib\site-packages\urllib3\connection.py", line 219, in _new_conn
    raise NewConnectionError(
        self, f"Failed to establish a new connection: {e}"
    ) from e
urllib3.exceptions.NewConnectionError: HTTPConnection(host='127.0.0.1', port=8000): Failed to establish a new connection: [WinError 10061] No connection could be made because the target machine actively refused it

The above exception was the direct cause of the following exception:

Traceback (most recent call last):
  File "C:\Users\WilsonYousif\AppData\Local\Python\pythoncore-3.14-64\Lib\site-packages\requests\adapters.py", line 644, in send
    resp = conn.urlopen(
        method=request.method,
    ...<9 lines>...
        chunked=chunked,
    )
  File "C:\Users\WilsonYousif\AppData\Local\Python\pythoncore-3.14-64\Lib\site-packages\urllib3\connectionpool.py", line 841, in urlopen
    retries = retries.increment(
        method, url, error=new_e, _pool=self, _stacktrace=sys.exc_info()[2]
    )
  File "C:\Users\WilsonYousif\AppData\Local\Python\pythoncore-3.14-64\Lib\site-packages\urllib3\util\retry.py", line 535, in increment
    raise MaxRetryError(_pool, url, reason) from reason  # type: ignore[arg-type]
    ^^^^^^^^^^^^^^^^^^^^^^^^^^^^^^^^^^^^^^^^^^^^^^^^^^^
urllib3.exceptions.MaxRetryError: HTTPConnectionPool(host='127.0.0.1', port=8000): Max retries exceeded with url: /login (Caused by NewConnectionError("HTTPConnection(host='127.0.0.1', port=8000): Failed to establish a new connection: [WinError 10061] No connection could be made because the target machine actively refused it"))

During handling of the above exception, another exception occurred:

Traceback (most recent call last):
  File "C:\Users\WilsonYousif\AppData\Local\Python\pythoncore-3.14-64\Lib\site-packages\streamlit\runtime\scriptrunner\exec_code.py", line 129, in exec_func_with_error_handling
    result = func()
  File "C:\Users\WilsonYousif\AppData\Local\Python\pythoncore-3.14-64\Lib\site-packages\streamlit\runtime\scriptrunner\script_runner.py", line 687, in code_to_exec
    _mpa_v1(self._main_script_path)
    ~~~~~~~^^^^^^^^^^^^^^^^^^^^^^^^
  File "C:\Users\WilsonYousif\AppData\Local\Python\pythoncore-3.14-64\Lib\site-packages\streamlit\runtime\scriptrunner\script_runner.py", line 166, in _mpa_v1
    page.run()
    ~~~~~~~~^^
  File "C:\Users\WilsonYousif\AppData\Local\Python\pythoncore-3.14-64\Lib\site-packages\streamlit\navigation\page.py", line 310, in run
    exec(code, module.__dict__)  # noqa: S102
    ~~~~^^^^^^^^^^^^^^^^^^^^^^^
  File "C:\DXReportApp\frontend\app.py", line 90, in <module>
    main()
    ~~~~^^
  File "C:\DXReportApp\frontend\app.py", line 77, in main
    show_login()
    ~~~~~~~~~~^^
  File "C:\DXReportApp\frontend\app.py", line 64, in show_login
    result = login(username, password)
  File "C:\DXReportApp\frontend\api_client.py", line 36, in login
    r = requests.post(
        f"{API_BASE}/login",
        data={"username": username, "password": password},
        timeout=10,
    )
  File "C:\Users\WilsonYousif\AppData\Local\Python\pythoncore-3.14-64\Lib\site-packages\requests\api.py", line 115, in post
    return request("post", url, data=data, json=json, **kwargs)
  File "C:\Users\WilsonYousif\AppData\Local\Python\pythoncore-3.14-64\Lib\site-packages\requests\api.py", line 59, in request
    return session.request(method=method, url=url, **kwargs)
           ~~~~~~~~~~~~~~~^^^^^^^^^^^^^^^^^^^^^^^^^^^^^^^^^^
  File "C:\Users\WilsonYousif\AppData\Local\Python\pythoncore-3.14-64\Lib\site-packages\requests\sessions.py", line 589, in request
    resp = self.send(prep, **send_kwargs)
  File "C:\Users\WilsonYousif\AppData\Local\Python\pythoncore-3.14-64\Lib\site-packages\requests\sessions.py", line 703, in send
    r = adapter.send(request, **kwargs)
  File "C:\Users\WilsonYousif\AppData\Local\Python\pythoncore-3.14-64\Lib\site-packages\requests\adapters.py", line 677, in send
    raise ConnectionError(e, request=request)
requests.exceptions.ConnectionError: HTTPConnectionPool(host='127.0.0.1', port=8000): Max retries exceeded with url: /login (Caused by NewConnectionError("HTTPConnection(host='127.0.0.1', port=8000): Failed to establish a new connection: [WinError 10061] No connection could be made because the target machine actively refused it"))
C:\DXReportApp\frontend\pages\3_files.py:70: FutureWarning: Styler.applymap has been deprecated. Use Styler.map instead.
  styled = df[display_cols].style.applymap(colour_status, subset=["import_status"])
2026-02-22 19:35:52.157 Please replace `use_container_width` with `width`.

`use_container_width` will be removed after 2025-12-31.

For `use_container_width=True`, use `width='stretch'`. For `use_container_width=False`, use `width='content'`.
